node.exe : [31mx[39m Build 
failed in 161ms
At line:1 char:1
+ & "C:\Program 
Files\nodejs/node.exe" 
"C:\Program 
Files\nodejs/node_mo ...
+ ~~~~~~~~~~~~~~~~~~~~~~~~~~~
~~~~~~~~~~~~~~~~~~~~~~~~~~~~~
~~~~~~~~~~~~~
    + CategoryInfo           
   : NotSpecified: ([31mx  
  [39m Build failed in 161   
 ms:String) [], RemoteExc    
eption
    + FullyQualifiedErrorId  
   : NativeCommandError
 
[31merror during build:
[31m[vite:css] [postcss] It 
looks like you're trying to 
use `tailwindcss` directly 
as a PostCSS plugin. The 
PostCSS plugin has moved to 
a separate package, so to 
continue using Tailwind CSS 
with PostCSS you'll need to 
install 
`@tailwindcss/postcss` and 
update your PostCSS 
configuration.[31m
file: [36mC:/Users/ahaly/Des
ktop/ayush not found/src/inde
x.css:undefined:NaN[31m
    at at (C:\Users\ahaly\Des
ktop\ayush not found\node_mod
ules\tailwindcss\dist\lib.js:
38:1643)
    at LazyResult.runOnRoot (
C:\Users\ahaly\Desktop\ayush 
not found\node_modules\postcs
s\lib\lazy-result.js:361:16)
    at LazyResult.runAsync (C
:\Users\ahaly\Desktop\ayush 
not found\node_modules\postcs
s\lib\lazy-result.js:290:26)
    at LazyResult.async (C:\U
sers\ahaly\Desktop\ayush not 
found\node_modules\postcss\li
b\lazy-result.js:192:30)
    at LazyResult.then (C:\Us
ers\ahaly\Desktop\ayush not f
ound\node_modules\postcss\lib
\lazy-result.js:436:17)
    at async compileCSS (file
:///C:/Users/ahaly/Desktop/ay
ush%20not%20found/node_module
s/vite/dist/node/chunks/dep-B
K3b2jBa.js:36898:21)
    at async 
Object.transform (file:///C:/
Users/ahaly/Desktop/ayush%20n
ot%20found/node_modules/vite/
dist/node/chunks/dep-BK3b2jBa
.js:36171:11)
    at async transform (file:
///C:/Users/ahaly/Desktop/ayu
sh%20not%20found/node_modules
/rollup/dist/es/shared/node-e
ntry.js:21269:16)
    at async 
ModuleLoader.addModuleSource 
(file:///C:/Users/ahaly/Deskt
op/ayush%20not%20found/node_m
odules/rollup/dist/es/shared/
node-entry.js:21497:36)[39m
